# **********************************************************
# Copyright (c) 2009-2010 VMware, Inc.  All rights reserved.
# **********************************************************
#
# Dr. Memory: the memory debugger
#
# This library is free software; you can redistribute it and/or
# modify it under the terms of the GNU Lesser General Public
# License as published by the Free Software Foundation; 
# version 2.1 of the License, and no later version.
#
# This library is distributed in the hope that it will be useful,
# but WITHOUT ANY WARRANTY; without even the implied warranty of
# MERCHANTABILITY or FITNESS FOR A PARTICULAR PURPOSE. See the GNU
# Library General Public License for more details.
#
# You should have received a copy of the GNU Lesser General Public
# License along with this library; if not, write to the Free Software
# Foundation, Inc., 51 Franklin Street, Fifth Floor, Boston, MA 02110-1301 USA.
#
!if WINDOWS
# if this starts not matching on other platforms/compiler just remove the print!
size=4 capacity=15
!endif
!if UNIX
size=4 capacity=4
!endif
getval: childAB
myfunc: parB
hi
bye
:::Dr.Memory::: ERRORS FOUND:
:::Dr.Memory:::       1 unique,     1 total unaddressable access(es)
:::Dr.Memory:::       1 unique,     1 total uninitialized access(es)
:::Dr.Memory:::       0 unique,     0 total invalid heap argument(s)
:::Dr.Memory:::       0 unique,     0 total warning(s)
:::Dr.Memory:::       1 total,      4 byte(s) of leak(s)
:::Dr.Memory:::       0 total,      0 byte(s) of possible leak(s)
