# **********************************************************
# Copyright (c) 2009-2010 VMware, Inc.  All rights reserved.
# **********************************************************
#
# Dr. Memory: the memory debugger
#
# This library is free software; you can redistribute it and/or
# modify it under the terms of the GNU Lesser General Public
# License as published by the Free Software Foundation; 
# version 2.1 of the License, and no later version.
#
# This library is distributed in the hope that it will be useful,
# but WITHOUT ANY WARRANTY; without even the implied warranty of
# MERCHANTABILITY or FITNESS FOR A PARTICULAR PURPOSE. See the GNU
# Library General Public License for more details.
#
# You should have received a copy of the GNU Lesser General Public
# License along with this library; if not, write to the Free Software
# Foundation, Inc., 51 Franklin Street, Fifth Floor, Boston, MA 02110-1301 USA.
#
dlopen <NULL> success
dlsym my_export success
dlopen /lib/libm.so.6 success
dlsym cos success
dlopen /lib/libgcc_s.so.1 success
dlsym __gcc_personality_v0 success
# only matching suffix of "dlopen <path>/libloaderlib.so failure"
libloaderlib.so failure
# only matching suffix of "dlerror loading /.*: /.*: undefined.*"
: undefined symbol: import_does_not_exit
:::Dr.Memory::: ERRORS FOUND:
:::Dr.Memory:::       0 unique,     0 total unaddressable access(es)
:::Dr.Memory:::       0 unique,     0 total uninitialized access(es)
:::Dr.Memory:::       0 unique,     0 total invalid free(s)
:::Dr.Memory:::       0 unique,     0 total warning(s)
:::Dr.Memory:::       0 total,      0 byte(s) of leak(s)
:::Dr.Memory:::       0 total,      0 byte(s) of possible leak(s)
