# **********************************************************
# Copyright (c) 2011 Google, Inc.  All rights reserved.
# Copyright (c) 2009-2010 VMware, Inc.  All rights reserved.
# **********************************************************
#
# Dr. Memory: the memory debugger
#
# This library is free software; you can redistribute it and/or
# modify it under the terms of the GNU Lesser General Public
# License as published by the Free Software Foundation; 
# version 2.1 of the License, and no later version.
#
# This library is distributed in the hope that it will be useful,
# but WITHOUT ANY WARRANTY; without even the implied warranty of
# MERCHANTABILITY or FITNESS FOR A PARTICULAR PURPOSE. See the GNU
# Library General Public License for more details.
#
# You should have received a copy of the GNU Lesser General Public
# License along with this library; if not, write to the Free Software
# Foundation, Inc., 51 Franklin Street, Fifth Floor, Boston, MA 02110-1301 USA.
#
%if WINDOWS
# if this starts not matching on other platforms/compiler just remove the print!
size=4 capacity=15
%endif
%if UNIX
size=4 capacity=4
%endif
getval: childAB
myfunc: parB
hi
bye
~~Dr.M~~ ERRORS FOUND:
~~Dr.M~~       1 unique,     1 total unaddressable access(es)
~~Dr.M~~       1 unique,     1 total uninitialized access(es)
%if CYGWIN
# i#589: no syms so can't find due to asymmetric inlines (xref i#123)
~~Dr.M~~       3 unique,     3 total invalid heap argument(s)
%endif
%if !CYGWIN
~~Dr.M~~       5 unique,     5 total invalid heap argument(s)
%endif
~~Dr.M~~       0 unique,     0 total warning(s)
%if UNIX
~~Dr.M~~       2 unique,     2 total,     27 byte(s) of leak(s)
%endif
%if WINDOWS
# FIXME PR 587093: string code disabled for now
~~Dr.M~~       1 unique,     1 total,      4 byte(s) of leak(s)
%endif
~~Dr.M~~       0 unique,     0 total,      0 byte(s) of possible leak(s)
still-reachable allocation(s)
